[04:31:10] [ServerMain/INFO]: [bootstrap] Running Java 25 (OpenJDK 64-Bit Server VM 25.0.1+8-LTS; Microsoft Microsoft-12574222) on Linux 6.8.0-1030-azure (amd64)
[04:31:10] [ServerMain/INFO]: [bootstrap] Loading Paper 1.21.4-232-ver/1.21.4@12d8fe0 (2025-06-09T10:15:42Z) for Minecraft 1.21.4
[04:31:11] [ServerMain/INFO]: [PluginInitializerManager] Initializing plugins...
[04:31:11] [ServerMain/INFO]: [PluginInitializerManager] Initialized 3 plugins
[04:31:11] [ServerMain/INFO]: [PluginInitializerManager] Bukkit plugins (3):
 - Geyser-Spigot (2.9.2-SNAPSHOT), SkinsRestorer (15.9.3), ViaVersion (5.7.0)
[04:31:16] [ServerMain/INFO]: Environment: Environment[sessionHost=https://sessionserver.mojang.com, servicesHost=https://api.minecraftservices.com, name=PROD]
[04:31:18] [ServerMain/INFO]: Loaded 1370 recipes
[04:31:18] [ServerMain/INFO]: Loaded 1481 advancements
[04:31:18] [ServerMain/INFO]: [MCTypeRegistry] Initialising converters for DataConverter...
[04:31:18] [ServerMain/INFO]: [MCTypeRegistry] Finished initialising converters for DataConverter in 197.3ms
[04:31:18] [Server thread/INFO]: Starting minecraft server version 1.21.4
[04:31:18] [Server thread/INFO]: Loading properties
[04:31:18] [Server thread/INFO]: This server is running Paper version 1.21.4-232-ver/1.21.4@12d8fe0 (2025-06-09T10:15:42Z) (Implementing API version 1.21.4-R0.1-SNAPSHOT)
[04:31:18] [Server thread/INFO]: [spark] This server bundles the spark profiler. For more information please visit https://docs.papermc.io/paper/profiling
[04:31:19] [Server thread/INFO]: Server Ping Player Sample Count: 12
[04:31:19] [Server thread/INFO]: Using 4 threads for Netty based IO
[04:31:19] [Server thread/INFO]: [MoonriseCommon] Paper is using 1 worker threads, 1 I/O threads
[04:31:19] [Server thread/INFO]: [ChunkTaskScheduler] Chunk system is using population gen parallelism: true
[04:31:20] [Server thread/INFO]: Default game type: SURVIVAL
[04:31:20] [Server thread/INFO]: Generating keypair
[04:31:20] [Server thread/INFO]: Starting Minecraft server on *:25565
[04:31:20] [Server thread/INFO]: Using epoll channel type
[04:31:20] [Server thread/INFO]: Paper: Using libdeflate (Linux x86_64) compression from Velocity.
[04:31:20] [Server thread/INFO]: Paper: Using OpenSSL 3.x.x (Linux x86_64) cipher from Velocity.
[04:31:20] [Server thread/INFO]: [ViaVersion] Loading server plugin ViaVersion v5.7.0
[04:31:20] [Server thread/INFO]: [ViaVersion] ViaVersion 5.7.0 is now loaded. Registering protocol transformers and injecting...
[04:31:21] [Via-Mappingloader-1/INFO]: [ViaVersion] Loading block connection mappings ...
[04:31:21] [Via-Mappingloader-1/INFO]: [ViaVersion] Using FastUtil Long2ObjectOpenHashMap for block connections
[04:31:21] [Server thread/INFO]: [SkinsRestorer] Loading server plugin SkinsRestorer v15.9.3
[04:31:21] [Server thread/INFO]: [Geyser-Spigot] Loading server plugin Geyser-Spigot v2.9.2-SNAPSHOT
[04:31:22] [Server thread/INFO]: [Geyser-Spigot] Loading extensions...
[04:31:22] [Server thread/INFO]: [Geyser-Spigot] Loaded 0 extension(s)
[04:31:22] [Server thread/INFO]: Server permissions file permissions.yml is empty, ignoring it
[04:31:22] [Server thread/INFO]: [SkinsRestorer] Enabling SkinsRestorer v15.9.3
[04:31:22] [Server thread/INFO]: [SkinsRestorer] Running on Minecraft 1.21.4.
[04:31:23] [Server thread/INFO]: [SkinsRestorer] Using paper join listener!
[04:31:23] [Server thread/WARN]: **** SERVER IS RUNNING IN OFFLINE/INSECURE MODE!
[04:31:23] [Server thread/WARN]: The server will make no attempt to authenticate usernames. Beware.
[04:31:23] [Server thread/WARN]: While this makes the game possible to play without internet access, it also opens up the ability for hackers to connect with any username they choose.
[04:31:23] [Server thread/WARN]: To change this, set "online-mode" to "true" in the server.properties file.
[04:31:23] [Server thread/INFO]: Preparing level "world"
[04:31:23] [Folia Async Scheduler Thread #1/INFO]: [SkinsRestorer] ----------------------------------------------
[04:31:23] [Folia Async Scheduler Thread #1/INFO]: [SkinsRestorer]     +==================+
[04:31:23] [Folia Async Scheduler Thread #1/INFO]: [SkinsRestorer]     |   SkinsRestorer  |
[04:31:23] [Folia Async Scheduler Thread #1/INFO]: [SkinsRestorer]     |------------------|
[04:31:23] [Folia Async Scheduler Thread #1/INFO]: [SkinsRestorer]     |  Standalone Mode |
[04:31:23] [Folia Async Scheduler Thread #1/INFO]: [SkinsRestorer]     +==================+
[04:31:23] [Folia Async Scheduler Thread #1/INFO]: [SkinsRestorer] ----------------------------------------------
[04:31:23] [Folia Async Scheduler Thread #1/INFO]: [SkinsRestorer]     Version: 15.9.3
[04:31:23] [Folia Async Scheduler Thread #1/INFO]: [SkinsRestorer]     Commit: 989bf18
[04:31:23] [Folia Async Scheduler Thread #1/INFO]: [SkinsRestorer]     This is the latest version!
[04:31:23] [Folia Async Scheduler Thread #1/INFO]: [SkinsRestorer] ----------------------------------------------
[04:31:23] [Folia Async Scheduler Thread #1/INFO]: [SkinsRestorer] Do you have issues? Read our troubleshooting guide: https://skinsrestorer.net/docs/troubleshooting
[04:31:23] [Folia Async Scheduler Thread #1/INFO]: [SkinsRestorer] Want to support SkinsRestorer? Consider donating: https://skinsrestorer.net/donate
[04:31:23] [Server thread/INFO]: Preparing start region for dimension minecraft:overworld
[04:31:23] [Server thread/INFO]: Preparing spawn area: 0%
[04:31:24] [Server thread/INFO]: Preparing spawn area: 4%
[04:31:24] [Server thread/INFO]: Time elapsed: 978 ms
[04:31:24] [Server thread/INFO]: Preparing start region for dimension minecraft:the_nether
[04:31:24] [Server thread/INFO]: Preparing spawn area: 0%
[04:31:24] [Server thread/INFO]: Time elapsed: 228 ms
[04:31:24] [Server thread/INFO]: Preparing start region for dimension minecraft:the_end
[04:31:24] [Server thread/INFO]: Preparing spawn area: 0%
[04:31:24] [Server thread/INFO]: Time elapsed: 145 ms
[04:31:24] [Server thread/INFO]: [ViaVersion] Enabling ViaVersion v5.7.0
[04:31:24] [Server thread/INFO]: [ViaVersion] ViaVersion detected server version: 1.21.4 (769)
[04:31:24] [Server thread/INFO]: [Geyser-Spigot] Enabling Geyser-Spigot v2.9.2-SNAPSHOT
[04:31:26] [Server thread/INFO]: [spark] Starting background profiler...
[04:31:27] [Server thread/INFO]: [Geyser-Spigot] ******************************************
[04:31:27] [Server thread/INFO]: [Geyser-Spigot] 
[04:31:27] [Server thread/INFO]: [Geyser-Spigot] Loading Geyser version 2.9.2-b1035 (git-master-f90c664)
[04:31:27] [Server thread/INFO]: [Geyser-Spigot] 
[04:31:27] [Server thread/INFO]: [Geyser-Spigot] ******************************************
[04:31:30] [GeyserServer-3-1/INFO]: [Geyser-Spigot] Started Geyser on UDP port 19132
[04:31:30] [Server thread/INFO]: [Geyser-Spigot] Done (3.407s)! Run /geyser help for help!
[04:31:31] [Server thread/INFO]: Done preparing level "world" (8.236s)
[04:31:31] [Server thread/INFO]: Running delayed init tasks
[04:31:31] [Server thread/INFO]: Done (25.110s)! For help, type "help"
[04:31:31] [Craft Scheduler Thread - 2 - ViaVersion/INFO]: [ViaVersion] Finished mapping loading, shutting down loader executor.
